------------------------------------------------------------
TimeQuest Timing Analyzer Summary
------------------------------------------------------------

Type  : Slow 1200mV 85C Model Setup 'PLL_CLK|altpll_component|auto_generated|pll1|clk[0]'
Slack : -0.028
TNS   : -0.053

Type  : Slow 1200mV 85C Model Setup 'sys_clk'
Slack : 13.103
TNS   : 0.000

Type  : Slow 1200mV 85C Model Setup 'altera_reserved_tck'
Slack : 42.649
TNS   : 0.000

Type  : Slow 1200mV 85C Model Hold 'PLL_CLK|altpll_component|auto_generated|pll1|clk[0]'
Slack : -0.213
TNS   : -0.423

Type  : Slow 1200mV 85C Model Hold 'altera_reserved_tck'
Slack : 0.452
TNS   : 0.000

Type  : Slow 1200mV 85C Model Hold 'sys_clk'
Slack : 0.452
TNS   : 0.000

Type  : Slow 1200mV 85C Model Recovery 'altera_reserved_tck'
Slack : 48.342
TNS   : 0.000

Type  : Slow 1200mV 85C Model Removal 'altera_reserved_tck'
Slack : 1.159
TNS   : 0.000

Type  : Slow 1200mV 85C Model Minimum Pulse Width 'PLL_CLK|altpll_component|auto_generated|pll1|clk[0]'
Slack : 6.646
TNS   : 0.000

Type  : Slow 1200mV 85C Model Minimum Pulse Width 'sys_clk'
Slack : 9.744
TNS   : 0.000

Type  : Slow 1200mV 85C Model Minimum Pulse Width 'altera_reserved_tck'
Slack : 49.589
TNS   : 0.000

Type  : Slow 1200mV 0C Model Setup 'PLL_CLK|altpll_component|auto_generated|pll1|clk[0]'
Slack : -0.012
TNS   : -0.024

Type  : Slow 1200mV 0C Model Setup 'sys_clk'
Slack : 13.425
TNS   : 0.000

Type  : Slow 1200mV 0C Model Setup 'altera_reserved_tck'
Slack : 43.154
TNS   : 0.000

Type  : Slow 1200mV 0C Model Hold 'PLL_CLK|altpll_component|auto_generated|pll1|clk[0]'
Slack : -0.201
TNS   : -0.401

Type  : Slow 1200mV 0C Model Hold 'altera_reserved_tck'
Slack : 0.400
TNS   : 0.000

Type  : Slow 1200mV 0C Model Hold 'sys_clk'
Slack : 0.401
TNS   : 0.000

Type  : Slow 1200mV 0C Model Recovery 'altera_reserved_tck'
Slack : 48.603
TNS   : 0.000

Type  : Slow 1200mV 0C Model Removal 'altera_reserved_tck'
Slack : 1.057
TNS   : 0.000

Type  : Slow 1200mV 0C Model Minimum Pulse Width 'PLL_CLK|altpll_component|auto_generated|pll1|clk[0]'
Slack : 6.645
TNS   : 0.000

Type  : Slow 1200mV 0C Model Minimum Pulse Width 'sys_clk'
Slack : 9.659
TNS   : 0.000

Type  : Slow 1200mV 0C Model Minimum Pulse Width 'altera_reserved_tck'
Slack : 49.485
TNS   : 0.000

Type  : Fast 1200mV 0C Model Setup 'PLL_CLK|altpll_component|auto_generated|pll1|clk[0]'
Slack : 0.117
TNS   : 0.000

Type  : Fast 1200mV 0C Model Setup 'sys_clk'
Slack : 16.847
TNS   : 0.000

Type  : Fast 1200mV 0C Model Setup 'altera_reserved_tck'
Slack : 46.962
TNS   : 0.000

Type  : Fast 1200mV 0C Model Hold 'PLL_CLK|altpll_component|auto_generated|pll1|clk[0]'
Slack : 0.054
TNS   : 0.000

Type  : Fast 1200mV 0C Model Hold 'altera_reserved_tck'
Slack : 0.186
TNS   : 0.000

Type  : Fast 1200mV 0C Model Hold 'sys_clk'
Slack : 0.186
TNS   : 0.000

Type  : Fast 1200mV 0C Model Recovery 'altera_reserved_tck'
Slack : 49.477
TNS   : 0.000

Type  : Fast 1200mV 0C Model Removal 'altera_reserved_tck'
Slack : 0.507
TNS   : 0.000

Type  : Fast 1200mV 0C Model Minimum Pulse Width 'PLL_CLK|altpll_component|auto_generated|pll1|clk[0]'
Slack : 6.655
TNS   : 0.000

Type  : Fast 1200mV 0C Model Minimum Pulse Width 'sys_clk'
Slack : 9.433
TNS   : 0.000

Type  : Fast 1200mV 0C Model Minimum Pulse Width 'altera_reserved_tck'
Slack : 49.484
TNS   : 0.000

------------------------------------------------------------
